[b] ━━━━━━━━ 战斗开始 克珀珊特（天海） vs 托尔芬 ━━━━━━━━
[b] 战场:灵脉1 宽度4 (宽度4: 主力位+辅助位+仆役位+支援位) [昼]
[b] 左方:主力 克珀珊特（天海） | 右方:主力 托尔芬
[b] [战场] 单方容量 4 战斗位(主力位必有;多余单位在战斗开始时被移出)
[b] [胜率修正] 左方 +30%(现 30% vs 0%)
[b] [胜率修正] 右方 -15%(现 30% vs -15%)
[v]   · 克珀珊特（天海） 获得 状态抵抗0
[b] [胜率修正] 右方 -32%(现 30% vs -47%)
[b] [胜率修正] 右方 +2%(现 30% vs -45%)
[v]   · 托尔芬 筋力 +25(常驻)
[v]   · 托尔芬 耐久 +25(常驻)
[v]   · 托尔芬 敏捷 +25(常驻)
[b] [最终胜率修正] 右方 +30%
[b] 左方 选择战术:强击
[b] 右方 选择战术:试探
[b] 左方 ▸ 主要属性:魔力
[b] 右方 ▸ 主要属性:筋力
[b] ✦ 随机属性:幸运
[b] [战斗属性] 左方总值110 右方总值225 → 基础胜率 左0% 右115%
[b] ⚔ 克珀珊特（天海） 宣言[冲锋]!
[b]      · 判定属性:敏捷 差=-105 成功率=0%
[b]      · 冲锋失败!-10%底限穿透
[b] [底限胜率] 左方 -10%
[b] ☠ 托尔芬 宣言[死斗]!+20%胜率, 最终工序内无法撤退
[b] [胜率修正] 右方 +20%(现 0% vs 135%)
[b] ✖ 托尔芬 已宣言[死斗],最终工序内无法撤退!
[b] 【最终胜率】左方 0% : 右方 100%
[b] 【决胜检定】骰 46 → 右方胜!
[b] ════════ 战斗结束 ════════
[b] 克珀珊特（天海） 成为俘虏(归右方主力位 托尔芬)
